Reading process/ZINC2/R.haps.chrX.out.rds 
  4544 windows on chrX

Using pool: Rep01_W_F to characterise group structure

=== Masking per window, 18-23 Mb ===
pos_mb      n_fnd  n_masked  all_masked   masked_founders
18.000      8      0         FALSE        
18.005      8      0         FALSE        
18.010      8      0         FALSE        
18.015      8      0         FALSE        
18.020      8      0         FALSE        
18.025      8      0         FALSE        
18.030      8      0         FALSE        
18.035      8      0         FALSE        
18.040      8      0         FALSE        
18.045      8      0         FALSE        
18.050      8      0         FALSE        
18.055      8      0         FALSE        
18.060      8      0         FALSE        
18.065      8      0         FALSE        
18.070      8      0         FALSE        
18.075      8      0         FALSE        
18.080      8      0         FALSE        
18.085      8      0         FALSE        
18.090      8      0         FALSE        
18.095      8      0         FALSE        
18.100      8      0         FALSE        
18.105      8      0         FALSE        
18.110      8      0         FALSE        
18.115      8      0         FALSE        
18.120      8      0         FALSE        
18.125      8      0         FALSE        
18.130      8      0         FALSE        
18.135      8      0         FALSE        
18.140      8      0         FALSE        
18.145      8      0         FALSE        
18.150      8      0         FALSE        
18.155      8      0         FALSE        
18.160      8      0         FALSE        
18.165      8      0         FALSE        
18.170      8      0         FALSE        
18.175      8      0         FALSE        
18.180      8      0         FALSE        
18.185      8      0         FALSE        
18.190      8      0         FALSE        
18.195      8      0         FALSE        
18.200      8      0         FALSE        
18.205      8      0         FALSE        
18.210      8      0         FALSE        
18.215      8      0         FALSE        
18.220      8      0         FALSE        
18.225      8      0         FALSE        
18.230      8      0         FALSE        
18.235      8      0         FALSE        
18.240      8      0         FALSE        
18.245      8      0         FALSE        
18.250      8      0         FALSE        
18.255      8      0         FALSE        
18.260      8      0         FALSE        
18.265      8      0         FALSE        
18.270      8      0         FALSE        
18.275      8      0         FALSE        
18.280      8      0         FALSE        
18.285      8      0         FALSE        
18.290      8      0         FALSE        
18.295      8      0         FALSE        
18.300      8      0         FALSE        
18.305      8      0         FALSE        
18.310      8      0         FALSE        
18.315      8      0         FALSE        
18.320      8      0         FALSE        
18.325      8      0         FALSE        
18.330      8      0         FALSE        
18.335      8      0         FALSE        
18.340      8      0         FALSE        
18.345      8      0         FALSE        
18.350      8      0         FALSE        
18.355      8      0         FALSE        
18.360      8      0         FALSE        
18.365      8      0         FALSE        
18.370      8      0         FALSE        
18.375      8      0         FALSE        
18.380      8      0         FALSE        
18.385      8      0         FALSE        
18.390      8      0         FALSE        
18.395      8      0         FALSE        
18.400      8      0         FALSE        
18.405      8      0         FALSE        
18.410      8      0         FALSE        
18.415      8      0         FALSE        
18.420      8      0         FALSE        
18.425      8      0         FALSE        
18.430      8      0         FALSE        
18.435      8      0         FALSE        
18.440      8      0         FALSE        
18.445      8      0         FALSE        
18.450      8      0         FALSE        
18.455      8      0         FALSE        
18.460      8      0         FALSE        
18.465      8      0         FALSE        
18.470      8      0         FALSE        
18.475      8      0         FALSE        
18.480      8      0         FALSE        
18.485      8      0         FALSE        
18.490      8      0         FALSE        
18.495      8      0         FALSE        
18.500      8      0         FALSE        
18.505      8      0         FALSE        
18.510      8      0         FALSE        
18.515      8      0         FALSE        
18.520      8      0         FALSE        
18.525      8      0         FALSE        
18.530      8      0         FALSE        
18.535      8      0         FALSE        
18.540      8      0         FALSE        
18.545      8      0         FALSE        
18.550      8      0         FALSE        
18.555      8      0         FALSE        
18.560      8      0         FALSE        
18.565      8      0         FALSE        
18.570      8      0         FALSE        
18.575      8      0         FALSE        
18.580      8      0         FALSE        
18.585      8      0         FALSE        
18.590      8      0         FALSE        
18.595      8      0         FALSE        
18.600      8      0         FALSE        
18.605      8      0         FALSE        
18.610      8      0         FALSE        
18.615      8      0         FALSE        
18.620      8      0         FALSE        
18.625      8      0         FALSE        
18.630      8      0         FALSE        
18.635      8      0         FALSE        
18.640      8      0         FALSE        
18.645      8      0         FALSE        
18.650      8      0         FALSE        
18.655      8      0         FALSE        
18.660      8      0         FALSE        
18.665      8      0         FALSE        
18.670      8      0         FALSE        
18.675      8      0         FALSE        
18.680      8      0         FALSE        
18.685      8      0         FALSE        
18.690      8      0         FALSE        
18.695      8      0         FALSE        
18.700      8      0         FALSE        
18.705      8      0         FALSE        
18.710      8      0         FALSE        
18.715      8      0         FALSE        
18.720      8      0         FALSE        
18.725      8      0         FALSE        
18.730      8      0         FALSE        
18.735      8      0         FALSE        
18.740      8      0         FALSE        
18.745      8      0         FALSE        
18.750      8      0         FALSE        
18.755      8      0         FALSE        
18.760      8      0         FALSE        
18.765      8      0         FALSE        
18.770      8      0         FALSE        
18.775      8      0         FALSE        
18.780      8      0         FALSE        
18.785      8      0         FALSE        
18.790      8      0         FALSE        
18.795      8      0         FALSE        
18.800      8      0         FALSE        
18.805      8      0         FALSE        
18.810      8      0         FALSE        
18.815      8      0         FALSE        
18.820      8      0         FALSE        
18.825      8      0         FALSE        
18.830      8      0         FALSE        
18.835      8      0         FALSE        
18.840      8      0         FALSE        
18.845      8      0         FALSE        
18.850      8      0         FALSE        
18.855      8      0         FALSE        
18.860      8      0         FALSE        
18.865      8      0         FALSE        
18.870      8      0         FALSE        
18.875      8      0         FALSE        
18.880      8      0         FALSE        
18.885      8      0         FALSE        
18.890      8      0         FALSE        
18.895      8      0         FALSE        
18.900      8      0         FALSE        
18.905      8      0         FALSE        
18.910      8      0         FALSE        
18.915      8      0         FALSE        
18.920      8      0         FALSE        
18.925      8      0         FALSE        
18.930      8      0         FALSE        
18.935      8      0         FALSE        
18.940      8      0         FALSE        
18.945      8      0         FALSE        
18.950      8      0         FALSE        
18.955      8      0         FALSE        
18.960      8      0         FALSE        
18.965      8      0         FALSE        
18.970      8      0         FALSE        
18.975      8      0         FALSE        
18.980      8      0         FALSE        
18.985      8      0         FALSE        
18.990      8      0         FALSE        
18.995      8      0         FALSE        
19.000      8      0         FALSE        
19.005      8      0         FALSE        
19.010      8      0         FALSE        
19.015      8      0         FALSE        
19.020      8      0         FALSE        
19.025      8      0         FALSE        
19.030      8      0         FALSE        
19.035      8      0         FALSE        
19.040      8      0         FALSE        
19.045      8      0         FALSE        
19.050      8      0         FALSE        
19.055      8      0         FALSE        
19.060      8      0         FALSE        
19.065      8      0         FALSE        
19.070      8      0         FALSE        
19.075      8      0         FALSE        
19.080      8      0         FALSE        
19.085      8      0         FALSE        
19.090      8      0         FALSE        
19.095      8      0         FALSE        
19.100      8      0         FALSE        
19.105      8      0         FALSE        
19.110      8      0         FALSE        
19.115      8      0         FALSE        
19.120      8      0         FALSE        
19.125      8      0         FALSE        
19.130      8      0         FALSE        
19.135      8      0         FALSE        
19.140      8      0         FALSE        
19.145      8      0         FALSE        
19.150      8      0         FALSE        
19.155      8      0         FALSE        
19.160      8      0         FALSE        
19.165      8      0         FALSE        
19.170      8      0         FALSE        
19.175      8      0         FALSE        
19.180      8      0         FALSE        
19.185      8      0         FALSE        
19.190      8      0         FALSE        
19.195      8      0         FALSE        
19.200      8      0         FALSE        
19.205      8      0         FALSE        
19.210      8      0         FALSE        
19.215      8      0         FALSE        
19.220      8      0         FALSE        
19.225      8      0         FALSE        
19.230      8      0         FALSE        
19.235      8      0         FALSE        
19.240      8      0         FALSE        
19.245      8      0         FALSE        
19.250      8      0         FALSE        
19.255      8      0         FALSE        
19.260      8      0         FALSE        
19.265      8      0         FALSE        
19.270      8      0         FALSE        
19.275      8      0         FALSE        
19.280      8      0         FALSE        
19.285      8      0         FALSE        
19.290      8      0         FALSE        
19.295      8      0         FALSE        
19.300      8      0         FALSE        
19.305      8      0         FALSE        
19.310      8      0         FALSE        
19.315      8      0         FALSE        
19.320      8      0         FALSE        
19.325      8      0         FALSE        
19.330      8      0         FALSE        
19.335      8      0         FALSE        
19.340      8      0         FALSE        
19.345      8      0         FALSE        
19.350      8      0         FALSE        
19.355      8      0         FALSE        
19.360      8      0         FALSE        
19.365      8      0         FALSE        
19.370      8      0         FALSE        
19.375      8      0         FALSE        
19.380      8      0         FALSE        
19.385      8      0         FALSE        
19.390      8      0         FALSE        
19.395      8      0         FALSE        
19.400      8      0         FALSE        
19.405      8      0         FALSE        
19.410      8      0         FALSE        
19.415      8      0         FALSE        
19.420      8      0         FALSE        
19.425      8      0         FALSE        
19.430      8      0         FALSE        
19.435      8      0         FALSE        
19.440      8      0         FALSE        
19.445      8      0         FALSE        
19.450      8      0         FALSE        
19.455      8      0         FALSE        
19.460      8      0         FALSE        
19.465      8      0         FALSE        
19.470      8      2         FALSE        AB8,B7
19.475      8      0         FALSE        
19.480      8      0         FALSE        
19.485      8      0         FALSE        
19.490      8      0         FALSE        
19.495      8      0         FALSE        
19.500      8      0         FALSE        
19.505      8      0         FALSE        
19.510      8      0         FALSE        
19.515      8      0         FALSE        
19.520      8      0         FALSE        
19.525      8      0         FALSE        
19.530      8      0         FALSE        
19.535      8      0         FALSE        
19.540      8      0         FALSE        
19.545      8      0         FALSE        
19.550      8      0         FALSE        
19.555      8      0         FALSE        
19.560      8      0         FALSE        
19.565      8      0         FALSE        
19.570      8      0         FALSE        
19.575      8      0         FALSE        
19.580      8      0         FALSE        
19.585      8      0         FALSE        
19.590      8      0         FALSE        
19.595      8      0         FALSE        
19.600      8      0         FALSE        
19.605      8      0         FALSE        
19.610      8      2         FALSE        AB8,B7
19.615      8      2         FALSE        AB8,B7
19.620      8      2         FALSE        AB8,B7
19.625      8      2         FALSE        AB8,B7
19.630      8      2         FALSE        AB8,B7
19.635      8      2         FALSE        AB8,B7
19.640      8      2         FALSE        AB8,B7
19.645      8      2         FALSE        AB8,B7
19.650      8      2         FALSE        AB8,B7
19.655      8      2         FALSE        AB8,B7
19.660      8      2         FALSE        AB8,B7
19.665      8      2         FALSE        AB8,B7
19.670      8      2         FALSE        AB8,B7
19.675      8      2         FALSE        AB8,B7
19.680      8      2         FALSE        AB8,B7
19.685      8      2         FALSE        AB8,B7
19.690      8      2         FALSE        AB8,B7
19.695      8      2         FALSE        AB8,B7
19.700      8      2         FALSE        AB8,B7
19.705      8      2         FALSE        AB8,B7
19.710      8      2         FALSE        AB8,B7
19.715      8      2         FALSE        AB8,B7
19.720      8      2         FALSE        AB8,B7
19.725      8      2         FALSE        AB8,B7
19.730      8      2         FALSE        AB8,B7
19.735      8      2         FALSE        AB8,B7
19.740      8      2         FALSE        AB8,B7
19.745      8      2         FALSE        AB8,B7
19.750      8      2         FALSE        AB8,B7
19.755      8      2         FALSE        AB8,B7
19.760      8      2         FALSE        AB8,B7
19.765      8      2         FALSE        AB8,B7
19.770      8      2         FALSE        AB8,B7
19.775      8      2         FALSE        AB8,B7
19.780      8      2         FALSE        AB8,B7
19.785      8      2         FALSE        AB8,B7
19.790      8      2         FALSE        AB8,B7
19.795      8      2         FALSE        AB8,B7
19.800      8      2         FALSE        AB8,B7
19.805      8      2         FALSE        AB8,B7
19.810      8      2         FALSE        AB8,B7
19.815      8      0         FALSE        
19.820      8      0         FALSE        
19.825      8      0         FALSE        
19.830      8      0         FALSE        
19.835      8      0         FALSE        
19.840      8      0         FALSE        
19.845      8      0         FALSE        
19.850      8      0         FALSE        
19.855      8      0         FALSE        
19.860      8      0         FALSE        
19.865      8      0         FALSE        
19.870      8      0         FALSE        
19.875      8      0         FALSE        
19.880      8      0         FALSE        
19.885      8      0         FALSE        
19.890      8      0         FALSE        
19.895      8      0         FALSE        
19.900      8      0         FALSE        
19.905      8      0         FALSE        
19.910      8      0         FALSE        
19.915      8      0         FALSE        
19.920      8      0         FALSE        
19.925      8      0         FALSE        
19.930      8      0         FALSE        
19.935      8      0         FALSE        
19.940      8      0         FALSE        
19.945      8      0         FALSE        
19.950      8      0         FALSE        
19.955      8      0         FALSE        
19.960      8      0         FALSE        
19.965      8      0         FALSE        
19.970      8      0         FALSE        
19.975      8      0         FALSE        
19.980      8      0         FALSE        
19.985      8      0         FALSE        
19.990      8      0         FALSE        
19.995      8      0         FALSE        
20.000      8      0         FALSE        
20.005      8      0         FALSE        
20.010      8      0         FALSE        
20.015      8      0         FALSE        
20.020      8      0         FALSE        
20.025      8      0         FALSE        
20.030      8      0         FALSE        
20.035      8      0         FALSE        
20.040      8      0         FALSE        
20.045      8      0         FALSE        
20.050      8      0         FALSE        
20.055      8      0         FALSE        
20.060      8      0         FALSE        
20.065      8      0         FALSE        
20.070      8      0         FALSE        
20.075      8      0         FALSE        
20.080      8      0         FALSE        
20.085      8      0         FALSE        
20.090      8      0         FALSE        
20.095      8      0         FALSE        
20.100      8      0         FALSE        
20.105      8      0         FALSE        
20.110      8      0         FALSE        
20.115      8      0         FALSE        
20.120      8      0         FALSE        
20.125      8      0         FALSE        
20.130      8      0         FALSE        
20.135      8      0         FALSE        
20.140      8      0         FALSE        
20.145      8      0         FALSE        
20.150      8      0         FALSE        
20.155      8      0         FALSE        
20.160      8      0         FALSE        
20.165      8      0         FALSE        
20.170      8      0         FALSE        
20.175      8      0         FALSE        
20.180      8      0         FALSE        
20.185      8      0         FALSE        
20.190      8      0         FALSE        
20.195      8      0         FALSE        
20.200      8      0         FALSE        
20.205      8      0         FALSE        
20.210      8      0         FALSE        
20.215      8      0         FALSE        
20.220      8      0         FALSE        
20.225      8      0         FALSE        
20.230      8      0         FALSE        
20.235      8      0         FALSE        
20.240      8      0         FALSE        
20.245      8      0         FALSE        
20.250      8      0         FALSE        
20.255      8      0         FALSE        
20.260      8      0         FALSE        
20.265      8      0         FALSE        
20.270      8      0         FALSE        
20.275      8      0         FALSE        
20.280      8      0         FALSE        
20.285      8      0         FALSE        
20.290      8      0         FALSE        
20.295      8      0         FALSE        
20.300      8      0         FALSE        
20.305      8      0         FALSE        
20.310      8      0         FALSE        
20.315      8      2         FALSE        AB8,B7
20.320      8      2         FALSE        AB8,B7
20.325      8      2         FALSE        AB8,B7
20.330      8      2         FALSE        AB8,B7
20.335      8      2         FALSE        AB8,B7
20.340      8      2         FALSE        AB8,B7
20.345      8      2         FALSE        AB8,B7
20.350      8      2         FALSE        AB8,B7
20.355      8      2         FALSE        AB8,B7
20.360      8      2         FALSE        AB8,B7
20.365      8      2         FALSE        AB8,B7
20.370      8      2         FALSE        AB8,B7
20.375      8      2         FALSE        AB8,B7
20.380      8      2         FALSE        AB8,B7
20.385      8      2         FALSE        AB8,B7
20.390      8      2         FALSE        AB8,B7
20.395      8      2         FALSE        AB8,B7
20.400      8      2         FALSE        AB8,B7
20.405      8      2         FALSE        AB8,B7
20.410      8      2         FALSE        AB8,B7
20.415      8      2         FALSE        AB8,B7
20.420      8      2         FALSE        AB8,B7
20.425      8      2         FALSE        AB8,B7
20.430      8      2         FALSE        AB8,B7
20.435      8      2         FALSE        AB8,B7
20.440      8      2         FALSE        AB8,B7
20.445      8      2         FALSE        AB8,B7
20.450      8      2         FALSE        AB8,B7
20.455      8      2         FALSE        AB8,B7
20.460      8      2         FALSE        AB8,B7
20.465      8      2         FALSE        AB8,B7
20.470      8      2         FALSE        AB8,B7
20.475      8      2         FALSE        AB8,B7
20.480      8      2         FALSE        AB8,B7
20.485      8      2         FALSE        AB8,B7
20.490      8      2         FALSE        AB8,B7
20.495      8      2         FALSE        AB8,B7
20.500      8      2         FALSE        AB8,B7
20.505      8      2         FALSE        AB8,B7
20.510      8      2         FALSE        AB8,B7
20.515      8      2         FALSE        AB8,B7
20.520      8      2         FALSE        AB8,B7
20.525      8      2         FALSE        AB8,B7
20.530      8      2         FALSE        AB8,B7
20.535      8      2         FALSE        AB8,B7
20.540      8      2         FALSE        AB8,B7
20.545      8      2         FALSE        AB8,B7
20.550      8      2         FALSE        AB8,B7
20.555      8      2         FALSE        AB8,B7
20.560      8      2         FALSE        AB8,B7
20.565      8      2         FALSE        AB8,B7
20.570      8      2         FALSE        AB8,B7
20.575      8      2         FALSE        AB8,B7
20.580      8      2         FALSE        AB8,B7
20.585      8      2         FALSE        AB8,B7
20.590      8      2         FALSE        AB8,B7
20.595      8      2         FALSE        AB8,B7
20.600      8      2         FALSE        AB8,B7
20.605      8      2         FALSE        AB8,B7
20.610      8      2         FALSE        AB8,B7
20.615      8      2         FALSE        AB8,B7
20.620      8      2         FALSE        AB8,B7
20.625      8      2         FALSE        AB8,B7
20.630      8      2         FALSE        AB8,B7
20.635      8      2         FALSE        AB8,B7
20.640      8      2         FALSE        AB8,B7
20.645      8      2         FALSE        AB8,B7
20.650      8      2         FALSE        AB8,B7
20.655      8      2         FALSE        AB8,B7
20.660      8      2         FALSE        AB8,B7
20.665      8      2         FALSE        AB8,B7
20.670      8      2         FALSE        AB8,B7
20.675      8      2         FALSE        AB8,B7
20.680      8      2         FALSE        AB8,B7
20.685      8      2         FALSE        AB8,B7
20.690      8      2         FALSE        AB8,B7
20.695      8      2         FALSE        AB8,B7
20.700      8      2         FALSE        AB8,B7
20.705      8      2         FALSE        AB8,B7
20.710      8      2         FALSE        AB8,B7
20.715      8      2         FALSE        AB8,B7
20.720      8      2         FALSE        AB8,B7
20.725      8      2         FALSE        AB8,B7
20.730      8      2         FALSE        AB8,B7
20.735      8      2         FALSE        AB8,B7
20.740      8      2         FALSE        AB8,B7
20.745      8      2         FALSE        AB8,B7
20.750      8      2         FALSE        AB8,B7
20.755      8      2         FALSE        AB8,B7
20.760      8      2         FALSE        AB8,B7
20.765      8      2         FALSE        AB8,B7
20.770      8      2         FALSE        AB8,B7
20.775      8      2         FALSE        AB8,B7
20.780      8      2         FALSE        AB8,B7
20.785      8      2         FALSE        AB8,B7
20.790      8      2         FALSE        AB8,B7
20.795      8      2         FALSE        AB8,B7
20.800      8      2         FALSE        AB8,B7
20.805      8      2         FALSE        AB8,B7
20.810      8      2         FALSE        AB8,B7
20.815      8      2         FALSE        AB8,B7
20.820      8      2         FALSE        AB8,B7
20.825      8      2         FALSE        AB8,B7
20.830      8      2         FALSE        AB8,B7
20.835      8      2         FALSE        AB8,B7
20.840      8      2         FALSE        AB8,B7
20.845      8      2         FALSE        AB8,B7
20.850      8      2         FALSE        AB8,B7
20.855      8      2         FALSE        AB8,B7
20.860      8      2         FALSE        AB8,B7
20.865      8      2         FALSE        AB8,B7
20.870      8      2         FALSE        AB8,B7
20.875      8      2         FALSE        AB8,B7
20.880      8      2         FALSE        AB8,B7
20.885      8      2         FALSE        AB8,B7
20.890      8      2         FALSE        AB8,B7
20.895      8      2         FALSE        AB8,B7
20.900      8      2         FALSE        AB8,B7
20.905      8      2         FALSE        AB8,B7
20.910      8      2         FALSE        AB8,B7
20.915      8      2         FALSE        AB8,B7
20.920      8      2         FALSE        AB8,B7
20.925      8      2         FALSE        AB8,B7
20.930      8      2         FALSE        AB8,B7
20.935      8      2         FALSE        AB8,B7
20.940      8      2         FALSE        AB8,B7
20.945      8      2         FALSE        AB8,B7
20.950      8      2         FALSE        AB8,B7
20.955      8      2         FALSE        AB8,B7
20.960      8      2         FALSE        AB8,B7
20.965      8      2         FALSE        AB8,B7
20.970      8      2         FALSE        AB8,B7
20.975      8      2         FALSE        AB8,B7
20.980      8      2         FALSE        AB8,B7
20.985      8      2         FALSE        AB8,B7
20.990      8      2         FALSE        AB8,B7
20.995      8      2         FALSE        AB8,B7
21.000      8      2         FALSE        AB8,B7
21.005      8      2         FALSE        AB8,B7
21.010      8      2         FALSE        AB8,B7
21.015      8      2         FALSE        AB8,B7
21.020      8      2         FALSE        AB8,B7
21.025      8      2         FALSE        AB8,B7
21.030      8      2         FALSE        AB8,B7
21.035      8      2         FALSE        AB8,B7
21.040      8      2         FALSE        AB8,B7
21.045      8      2         FALSE        AB8,B7
21.050      8      2         FALSE        AB8,B7
21.055      8      2         FALSE        AB8,B7
21.060      8      2         FALSE        AB8,B7
21.065      8      2         FALSE        AB8,B7
21.070      8      2         FALSE        AB8,B7
21.075      8      2         FALSE        AB8,B7
21.080      8      2         FALSE        AB8,B7
21.085      8      2         FALSE        AB8,B7
21.090      8      2         FALSE        AB8,B7
21.095      8      2         FALSE        AB8,B7
21.100      8      2         FALSE        AB8,B7
21.105      8      2         FALSE        AB8,B7
21.110      8      2         FALSE        AB8,B7
21.115      8      2         FALSE        AB8,B7
21.120      8      2         FALSE        AB8,B7
21.125      8      2         FALSE        AB8,B7
21.130      8      2         FALSE        AB8,B7
21.135      8      2         FALSE        AB8,B7
21.140      8      2         FALSE        AB8,B7
21.145      8      2         FALSE        AB8,B7
21.150      8      2         FALSE        AB8,B7
21.155      8      2         FALSE        AB8,B7
21.160      8      2         FALSE        AB8,B7
21.165      8      2         FALSE        AB8,B7
21.170      8      2         FALSE        AB8,B7
21.175      8      2         FALSE        AB8,B7
21.180      8      2         FALSE        AB8,B7
21.185      8      2         FALSE        AB8,B7
21.190      8      2         FALSE        AB8,B7
21.195      8      2         FALSE        AB8,B7
21.200      8      2         FALSE        AB8,B7
21.205      8      2         FALSE        AB8,B7
21.210      8      2         FALSE        AB8,B7
21.215      8      2         FALSE        AB8,B7
21.220      8      2         FALSE        AB8,B7
21.225      8      2         FALSE        AB8,B7
21.230      8      2         FALSE        AB8,B7
21.235      8      2         FALSE        AB8,B7
21.240      8      2         FALSE        AB8,B7
21.245      8      2         FALSE        AB8,B7
21.250      8      2         FALSE        AB8,B7
21.255      8      2         FALSE        AB8,B7
21.260      8      2         FALSE        AB8,B7
21.265      8      2         FALSE        AB8,B7
21.270      8      2         FALSE        AB8,B7
21.275      8      2         FALSE        AB8,B7
21.280      8      2         FALSE        AB8,B7
21.285      8      2         FALSE        AB8,B7
21.290      8      2         FALSE        AB8,B7
21.295      8      2         FALSE        AB8,B7
21.300      8      2         FALSE        AB8,B7
21.305      8      2         FALSE        AB8,B7
21.310      8      2         FALSE        AB8,B7
21.315      8      2         FALSE        AB8,B7
21.320      8      2         FALSE        AB8,B7
21.325      8      2         FALSE        AB8,B7
21.330      8      2         FALSE        AB8,B7
21.335      8      2         FALSE        AB8,B7
21.340      8      2         FALSE        AB8,B7
21.345      8      2         FALSE        AB8,B7
21.350      8      2         FALSE        AB8,B7
21.355      8      2         FALSE        AB8,B7
21.360      8      2         FALSE        AB8,B7
21.365      8      2         FALSE        AB8,B7
21.370      8      2         FALSE        AB8,B7
21.375      8      2         FALSE        AB8,B7
21.380      8      2         FALSE        AB8,B7
21.385      8      2         FALSE        AB8,B7
21.390      8      2         FALSE        AB8,B7
21.395      8      2         FALSE        AB8,B7
21.400      8      2         FALSE        AB8,B7
21.405      8      2         FALSE        AB8,B7
21.410      8      2         FALSE        AB8,B7
21.415      8      2         FALSE        AB8,B7
21.420      8      2         FALSE        AB8,B7
21.425      8      2         FALSE        AB8,B7
21.430      8      2         FALSE        AB8,B7
21.435      8      2         FALSE        AB8,B7
21.440      8      2         FALSE        AB8,B7
21.445      8      2         FALSE        AB8,B7
21.450      8      2         FALSE        AB8,B7
21.455      8      2         FALSE        AB8,B7
21.460      8      2         FALSE        AB8,B7
21.465      8      2         FALSE        AB8,B7
21.470      8      2         FALSE        AB8,B7
21.475      8      2         FALSE        AB8,B7
21.480      8      2         FALSE        AB8,B7
21.485      8      2         FALSE        AB8,B7
21.490      8      2         FALSE        AB8,B7
21.495      8      2         FALSE        AB8,B7
21.500      8      2         FALSE        AB8,B7
21.505      8      2         FALSE        AB8,B7
21.510      8      2         FALSE        AB8,B7
21.515      8      2         FALSE        AB8,B7
21.520      8      2         FALSE        AB8,B7
21.525      8      2         FALSE        AB8,B7
21.530      8      2         FALSE        AB8,B7
21.535      8      2         FALSE        AB8,B7
21.540      8      2         FALSE        AB8,B7
21.545      8      2         FALSE        AB8,B7
21.550      8      2         FALSE        AB8,B7
21.555      8      2         FALSE        AB8,B7
21.560      8      2         FALSE        AB8,B7
21.565      8      2         FALSE        AB8,B7
21.570      8      2         FALSE        AB8,B7
21.575      8      2         FALSE        AB8,B7
21.580      8      2         FALSE        AB8,B7
21.585      8      2         FALSE        AB8,B7
21.590      8      2         FALSE        AB8,B7
21.595      8      2         FALSE        AB8,B7
21.600      8      2         FALSE        AB8,B7
21.605      8      2         FALSE        AB8,B7
21.610      8      2         FALSE        AB8,B7
21.615      8      2         FALSE        AB8,B7
21.620      8      2         FALSE        AB8,B7
21.625      8      2         FALSE        AB8,B7
21.630      8      2         FALSE        AB8,B7
21.635      8      2         FALSE        AB8,B7
21.640      8      2         FALSE        AB8,B7
21.645      8      2         FALSE        AB8,B7
21.650      8      2         FALSE        AB8,B7
21.655      8      2         FALSE        AB8,B7
21.660      8      2         FALSE        AB8,B7
21.665      8      2         FALSE        AB8,B7
21.670      8      2         FALSE        AB8,B7
21.675      8      2         FALSE        AB8,B7
21.680      8      4         FALSE        AB8,B1,B6,B7
21.685      8      6         FALSE        AB8,B1,B3,B5,B6,B7
21.690      8      7         FALSE        AB8,B1,B3,B4,B5,B6,B7
21.695      8      6         FALSE        AB8,B1,B3,B5,B6,B7
21.700      8      6         FALSE        AB8,B1,B3,B5,B6,B7
21.705      8      6         FALSE        AB8,B1,B3,B5,B6,B7
21.710      8      6         FALSE        AB8,B1,B3,B5,B6,B7
21.715      8      6         FALSE        AB8,B1,B3,B5,B6,B7
21.720      8      6         FALSE        AB8,B1,B3,B5,B6,B7
21.725      8      6         FALSE        AB8,B1,B3,B5,B6,B7
21.730      8      6         FALSE        AB8,B1,B3,B5,B6,B7
21.735      8      6         FALSE        AB8,B1,B3,B5,B6,B7
21.740      8      6         FALSE        AB8,B1,B3,B5,B6,B7
21.745      8      5         FALSE        AB8,B1,B3,B5,B7
21.750      8      5         FALSE        AB8,B1,B3,B5,B7
21.755      8      5         FALSE        AB8,B1,B3,B5,B7
21.760      8      5         FALSE        AB8,B1,B3,B5,B7
21.765      8      5         FALSE        AB8,B1,B3,B5,B7
21.770      8      5         FALSE        AB8,B1,B3,B5,B7
21.775      8      5         FALSE        AB8,B1,B3,B5,B7
21.780      8      5         FALSE        AB8,B1,B3,B5,B7
21.785      8      5         FALSE        AB8,B1,B3,B5,B7
21.790      8      5         FALSE        AB8,B1,B3,B5,B7
21.795      8      5         FALSE        AB8,B1,B3,B5,B7
21.800      8      5         FALSE        AB8,B1,B3,B5,B7
21.805      8      5         FALSE        AB8,B1,B3,B5,B7
21.810      8      5         FALSE        AB8,B1,B3,B5,B7
21.815      8      5         FALSE        AB8,B1,B3,B5,B7
21.820      8      5         FALSE        AB8,B1,B3,B5,B7
21.825      8      5         FALSE        AB8,B1,B3,B5,B7
21.830      8      6         FALSE        AB8,B1,B3,B5,B6,B7
21.835      8      6         FALSE        AB8,B1,B3,B5,B6,B7
22.085      8      5         FALSE        AB8,B4,B5,B6,B7
22.090      8      3         FALSE        AB8,B5,B7
22.095      8      3         FALSE        AB8,B5,B7
22.100      8      3         FALSE        AB8,B5,B7
22.105      8      3         FALSE        AB8,B5,B7
22.110      8      3         FALSE        AB8,B5,B7
22.115      8      3         FALSE        AB8,B5,B7
22.120      8      3         FALSE        AB8,B5,B7
22.125      8      3         FALSE        AB8,B5,B7
22.130      8      3         FALSE        AB8,B5,B7
22.135      8      3         FALSE        AB8,B5,B7
22.140      8      3         FALSE        AB8,B5,B7
22.145      8      3         FALSE        AB8,B5,B7
22.150      8      3         FALSE        AB8,B5,B7
22.155      8      3         FALSE        AB8,B5,B7
22.160      8      3         FALSE        AB8,B5,B7
22.165      8      3         FALSE        AB8,B5,B7
22.170      8      3         FALSE        AB8,B5,B7
22.360      8      5         FALSE        AB8,B1,B4,B6,B7
22.365      8      5         FALSE        AB8,B1,B4,B6,B7
22.370      8      5         FALSE        AB8,B1,B4,B6,B7
22.375      8      4         FALSE        AB8,B1,B4,B7
22.380      8      5         FALSE        AB8,B1,B4,B6,B7
22.385      8      5         FALSE        AB8,B1,B4,B6,B7
22.390      8      5         FALSE        AB8,B1,B4,B6,B7
22.395      8      5         FALSE        AB8,B1,B4,B6,B7
22.400      8      2         FALSE        AB8,B7
22.405      8      2         FALSE        AB8,B7
22.410      8      2         FALSE        AB8,B7
22.415      8      2         FALSE        AB8,B7
22.420      8      2         FALSE        AB8,B7
22.425      8      2         FALSE        AB8,B7
22.430      8      2         FALSE        AB8,B7
22.435      8      2         FALSE        AB8,B7
22.440      8      2         FALSE        AB8,B7
22.445      8      2         FALSE        AB8,B7
22.450      8      2         FALSE        AB8,B7
22.455      8      2         FALSE        AB8,B7
22.460      8      2         FALSE        AB8,B7
22.465      8      2         FALSE        AB8,B7
22.470      8      2         FALSE        AB8,B7
22.475      8      2         FALSE        AB8,B7
22.480      8      2         FALSE        AB8,B7
22.485      8      2         FALSE        AB8,B7
22.490      8      2         FALSE        AB8,B7
22.495      8      2         FALSE        AB8,B7
22.500      8      2         FALSE        AB8,B7
22.505      8      2         FALSE        AB8,B7
22.510      8      2         FALSE        AB8,B7
22.515      8      2         FALSE        AB8,B7
22.520      8      2         FALSE        AB8,B7
22.525      8      2         FALSE        AB8,B7
22.530      8      2         FALSE        AB8,B7
22.535      8      2         FALSE        AB8,B7
22.540      8      2         FALSE        AB8,B7
22.545      8      2         FALSE        AB8,B7
22.550      8      2         FALSE        AB8,B7
22.555      8      2         FALSE        AB8,B7
22.560      8      2         FALSE        AB8,B7
22.565      8      2         FALSE        AB8,B7
22.570      8      2         FALSE        AB8,B7
22.575      8      2         FALSE        AB8,B7
22.580      8      2         FALSE        AB8,B7
22.585      8      2         FALSE        AB8,B7
22.590      8      2         FALSE        AB8,B7
22.595      8      2         FALSE        AB8,B7
22.600      8      2         FALSE        AB8,B7
22.605      8      2         FALSE        AB8,B7
22.610      8      2         FALSE        AB8,B7
22.615      8      2         FALSE        AB8,B7
22.620      8      2         FALSE        AB8,B7
22.625      8      2         FALSE        AB8,B7
22.630      8      2         FALSE        AB8,B7
22.635      8      2         FALSE        AB8,B7
22.640      8      2         FALSE        AB8,B7
22.645      8      2         FALSE        AB8,B7
22.650      8      2         FALSE        AB8,B7
22.655      8      2         FALSE        AB8,B7
22.660      8      2         FALSE        AB8,B7
22.665      8      2         FALSE        AB8,B7
22.670      8      2         FALSE        AB8,B7
22.675      8      2         FALSE        AB8,B7
22.680      8      2         FALSE        AB8,B7
22.685      8      2         FALSE        AB8,B7
22.690      8      2         FALSE        AB8,B7
22.695      8      2         FALSE        AB8,B7
22.700      8      2         FALSE        AB8,B7
22.705      8      2         FALSE        AB8,B7
22.710      8      2         FALSE        AB8,B7
22.715      8      2         FALSE        AB8,B7
22.720      8      2         FALSE        AB8,B7
22.725      8      2         FALSE        AB8,B7
22.730      8      2         FALSE        AB8,B7
22.735      8      2         FALSE        AB8,B7
22.740      8      2         FALSE        AB8,B7
22.745      8      2         FALSE        AB8,B7
22.750      8      2         FALSE        AB8,B7
22.755      8      2         FALSE        AB8,B7
22.760      8      2         FALSE        AB8,B7
22.765      8      2         FALSE        AB8,B7
22.770      8      2         FALSE        AB8,B7
22.775      8      2         FALSE        AB8,B7
22.780      8      2         FALSE        AB8,B7
22.785      8      2         FALSE        AB8,B7
22.790      8      2         FALSE        AB8,B7
22.795      8      2         FALSE        AB8,B7
22.800      8      2         FALSE        AB8,B7
22.805      8      2         FALSE        AB8,B7
22.810      8      2         FALSE        AB8,B7
22.815      8      2         FALSE        AB8,B7
22.820      8      2         FALSE        AB8,B7
22.825      8      2         FALSE        AB8,B7
22.830      8      2         FALSE        AB8,B7
22.835      8      2         FALSE        AB8,B7
22.840      8      2         FALSE        AB8,B7
22.845      8      2         FALSE        AB8,B7
22.850      8      2         FALSE        AB8,B7
22.855      8      2         FALSE        AB8,B7
22.860      8      2         FALSE        AB8,B7
22.865      8      2         FALSE        AB8,B7
22.870      8      2         FALSE        AB8,B7
22.875      8      2         FALSE        AB8,B7
22.880      8      2         FALSE        AB8,B7
22.885      8      2         FALSE        AB8,B7
22.890      8      2         FALSE        AB8,B7
22.895      8      2         FALSE        AB8,B7
22.900      8      2         FALSE        AB8,B7
22.905      8      2         FALSE        AB8,B7
22.910      8      2         FALSE        AB8,B7
22.915      8      2         FALSE        AB8,B7
22.920      8      2         FALSE        AB8,B7
22.925      8      2         FALSE        AB8,B7
22.930      8      2         FALSE        AB8,B7
22.935      8      2         FALSE        AB8,B7
22.940      8      2         FALSE        AB8,B7
22.945      8      2         FALSE        AB8,B7
22.950      8      2         FALSE        AB8,B7
22.955      8      2         FALSE        AB8,B7
22.960      8      2         FALSE        AB8,B7
22.965      8      2         FALSE        AB8,B7
22.970      8      2         FALSE        AB8,B7
22.975      8      2         FALSE        AB8,B7
22.980      8      2         FALSE        AB8,B7
22.985      8      2         FALSE        AB8,B7
22.990      8      2         FALSE        AB8,B7
22.995      8      2         FALSE        AB8,B7
23.000      8      2         FALSE        AB8,B7

=== Contiguous all-masked windows ===
None found.

Done.
