── Attaching core tidyverse packages ──────────────────────── tidyverse 2.0.0 ──
✔ dplyr     1.1.0     ✔ readr     2.1.4
✔ forcats   1.0.0     ✔ stringr   1.5.0
✔ ggplot2   3.4.1     ✔ tibble    3.1.8
✔ lubridate 1.9.2     ✔ tidyr     1.3.0
✔ purrr     1.0.1     
── Conflicts ────────────────────────────────────────── tidyverse_conflicts() ──
✖ dplyr::filter() masks stats::filter()
✖ dplyr::lag()    masks stats::lag()
ℹ Use the conflicted package (<http://conflicted.r-lib.org/>) to force all conflicts to become errors
Computing polymorphic SNP sets...
  pA:
    chrX
    chr2L
    chr2R
    chr3L
    chr3R
  pB:
    chrX
    chr2L
    chr2R
    chr3L
    chr3R
pA polymorphic: 1051336  pB polymorphic: 1051715
Shared polymorphic: 673383
Reading SNP scans...
SNPs in final table: 673383
Written: output/snp_shared_poly.tsv 
# A tibble: 4 × 2
  quadrant      n
  <chr>     <int>
1 NS/NS    599731
2 NS/S      40850
3 S/NS      27525
4 S/S        5277
