==================================================================
0) DUPLICATION CHECK (XQTL2 #14): duplicate (CHROM,POS) per chr — expect 0
==================================================================
  chrX    duplicate positions: 0
  chr2L   duplicate positions: 0
  chr2R   duplicate positions: 0
  chr3L   duplicate positions: 2
  chr3R   duplicate positions: 0

==================================================================
1) per-chr SNP counts: v3 (QUAL) vs v4 (founder-catalog)
==================================================================
  chr               v3           v4    v4/v3
  chrX          250802       176665     0.70
  chr2L         326238       298805     0.92
  chr2R         348347       244953     0.70
  chr3L         411873       306895     0.75
  chr3R         406693       300000     0.74

==================================================================
2) catalog.stats.txt — per-rule SNP tally (candidates, dropped, kept)
==================================================================
catalog SNP rules (summed over chromosomes):
  candidate biallelic SNPs : 1775608
  dropped, founder depth   : 218371
  dropped, not near-fixed  : 158180
  dropped, not segregating : 74275
  KEPT (catalog)           : 1324782

==================================================================
3) compare_refalt_calls.R: v3 vs v4 — counts agree at shared SNPs?
   (should run clean now — no dcast duplicate-key warnings)
   NOTE: if v4 has fewer samples than v3 (phase 1), read SITE overlap,
   not per-sample count agreement (that needs the full 72 in v4).
==================================================================
Comparing A(current)=process/AGE_SY_v3  vs  B(proposed)=process/AGE_SY_v4/Calls

Error in melt.data.table(df, id.vars = c("CHROM", "POS"), variable.name = "lab",  : 
  One or more values in 'id.vars' is invalid.
Calls: to_long -> melt -> melt.data.table
Execution halted
  (compare_refalt_calls.R exited nonzero)

done.
