── Attaching core tidyverse packages ──────────────────────── tidyverse 2.0.0 ──
✔ dplyr     1.1.0     ✔ readr     2.1.4
✔ forcats   1.0.0     ✔ stringr   1.5.0
✔ ggplot2   3.4.1     ✔ tibble    3.1.8
✔ lubridate 1.9.2     ✔ tidyr     1.3.0
✔ purrr     1.0.1     
── Conflicts ────────────────────────────────────────── tidyverse_conflicts() ──
✖ dplyr::filter() masks stats::filter()
✖ dplyr::lag()    masks stats::lag()
ℹ Use the conflicted package (<http://conflicted.r-lib.org/>) to force all conflicts to become errors
Error in `mutate()`:
ℹ In argument: `chr = factor(chr, levels = chr_order)`.
Caused by error in `factor()`:
! object 'chr' not found
Backtrace:
     ▆
  1. ├─base::source("scripts_oneoffs/AGE_SY/common/plotting/plot_pseudoscan.R")
  2. │ ├─base::withVisible(eval(ei, envir))
  3. │ └─base::eval(ei, envir)
  4. │   └─base::eval(ei, envir)
  5. ├─... %>% filter(chr %in% chr_order)
  6. ├─dplyr::filter(., chr %in% chr_order)
  7. ├─dplyr::mutate(., chr = factor(chr, levels = chr_order))
  8. ├─dplyr:::mutate.data.frame(., chr = factor(chr, levels = chr_order))
  9. │ └─dplyr:::mutate_cols(.data, dplyr_quosures(...), by)
 10. │   ├─base::withCallingHandlers(...)
 11. │   └─dplyr:::mutate_col(dots[[i]], data, mask, new_columns)
 12. │     └─mask$eval_all_mutate(quo)
 13. │       └─dplyr (local) eval()
 14. ├─base::factor(chr, levels = chr_order)
 15. └─base::.handleSimpleError(...)
 16.   └─dplyr (local) h(simpleError(msg, call))
 17.     └─rlang::abort(message, class = error_class, parent = parent, call = error_call)
Warning messages:
1: In .f(.x[[i]], ...) :
  File not found, skipping: process/AGE_SY/AGE_SY10_F/AGE_SY10_F.scan.txt
2: In .f(.x[[i]], ...) :
  File not found, skipping: process/AGE_SY/AGE_SY20_F/AGE_SY20_F.scan.txt
3: In .f(.x[[i]], ...) :
  File not found, skipping: process/AGE_SY/AGE_SY10_M/AGE_SY10_M.scan.txt
4: In .f(.x[[i]], ...) :
  File not found, skipping: process/AGE_SY/AGE_SY20_M/AGE_SY20_M.scan.txt
Execution halted
