founderSites	50234868
Rep06_Z_M	50234869
Rep05_W_M	50234870
Rep05_Z_M	50234871
Rep15_Z_M	50234872
Rep06_Z_F	50234873
Rep05_W_F	50234874
Rep03_W_F	50234875
Rep13_W_F	50234876
Rep01_W_M	50234877
Rep02_Z_F	50234878
Rep01_Z_F	50234879
Rep07_W_F	50234880
Rep04_Z_M	50234881
Rep02_W_F	50234882
Rep14_Z_F	50234883
Rep06_W_M	50234884
Rep08_Z_M	50234885
Rep10_Z_M	50234886
Rep01_W_F	50234887
Rep13_W_M	50234888
Rep14_W_F	50234889
Rep12_Z_F	50234890
Rep11_W_F	50234891
Rep09_W_F	50234892
Rep11_W_M	50234893
Rep13_Z_F	50234894
Rep03_Z_M	50234895
Rep12_W_F	50234896
Rep11_Z_F	50234897
Rep14_W_M	50234898
Rep15_W_M	50234899
Rep03_Z_F	50234900
Rep01_Z_M	50234901
Rep02_Z_M	50234902
Rep04_W_F	50234903
Rep09_Z_M	50234908
Rep15_Z_F	50234909
Rep13_Z_M	50234910
Rep09_Z_F	50234911
Rep14_Z_M	50234913
Rep07_W_M	50234914
Rep09_W_M	50234915
Rep15_W_F	50234916
Rep10_W_F	50234917
Rep10_Z_F	50234918
Rep06_W_F	50234919
Rep12_W_M	50234920
Rep04_W_M	50234921
Rep04_Z_F	50234922
Rep11_Z_M	50234923
Rep08_Z_F	50234924
Rep12_Z_M	50234925
Rep08_W_F	50234926
Rep08_W_M	50234927
Rep05_Z_F	50234928
Rep03_W_M	50234929
Rep10_W_M	50234930
Rep07_Z_F	50234931
Rep07_Z_M	50234932
Rep02_W_M	50234933
consolidate	50234934
compare	50234935
Rep06_Z_M	50240047
Rep05_W_M	50240048
Rep05_Z_M	50240049
Rep15_Z_M	50240050
Rep06_Z_F	50240051
Rep05_W_F	50240052
Rep03_W_F	50240053
Rep13_W_F	50240054
Rep01_W_M	50240055
Rep02_Z_F	50240056
Rep01_Z_F	50240057
Rep07_W_F	50240058
Rep04_Z_M	50240059
Rep02_W_F	50240060
Rep14_Z_F	50240061
Rep06_W_M	50240062
Rep08_Z_M	50240063
Rep10_Z_M	50240064
Rep01_W_F	50240065
Rep13_W_M	50240066
Rep14_W_F	50240067
Rep12_Z_F	50240068
Rep11_W_F	50240069
Rep09_W_F	50240070
Rep11_W_M	50240071
Rep13_Z_F	50240072
Rep03_Z_M	50240073
Rep12_W_F	50240074
Rep11_Z_F	50240075
Rep14_W_M	50240076
Rep15_W_M	50240077
Rep03_Z_F	50240078
Rep01_Z_M	50240079
Rep02_Z_M	50240080
Rep04_W_F	50240081
Rep09_Z_M	50240082
Rep15_Z_F	50240083
Rep13_Z_M	50240084
Rep09_Z_F	50240085
Rep14_Z_M	50240086
Rep07_W_M	50240087
Rep09_W_M	50240088
Rep15_W_F	50240089
Rep10_W_F	50240090
Rep10_Z_F	50240091
Rep06_W_F	50240092
Rep12_W_M	50240093
Rep04_W_M	50240094
Rep04_Z_F	50240095
Rep11_Z_M	50240096
Rep08_Z_F	50240097
Rep12_Z_M	50240098
Rep08_W_F	50240099
Rep08_W_M	50240100
Rep05_Z_F	50240101
Rep03_W_M	50240102
Rep10_W_M	50240103
Rep07_Z_F	50240104
Rep07_Z_M	50240105
Rep02_W_M	50240106
AB8.dedup	50240107
B1.dedup	50240108
B2.dedup	50240109
B3.dedup	50240110
B4.dedup	50240111
B5.RG	50240112
B6.dedup	50240113
B7.dedup	50240114
consolidate	50240115
compare	50240116
Rep06_Z_M	50240598
Rep05_W_M	50240599
Rep05_Z_M	50240600
Rep15_Z_M	50240601
Rep06_Z_F	50240602
Rep05_W_F	50240603
Rep03_W_F	50240604
Rep13_W_F	50240605
Rep01_W_M	50240606
Rep02_Z_F	50240607
Rep01_Z_F	50240608
Rep07_W_F	50240609
Rep04_Z_M	50240610
Rep02_W_F	50240611
Rep14_Z_F	50240612
Rep06_W_M	50240613
Rep08_Z_M	50240614
Rep10_Z_M	50240615
Rep01_W_F	50240616
Rep13_W_M	50240693
Rep14_W_F	50240694
Rep12_Z_F	50240695
Rep11_W_F	50240696
Rep09_W_F	50240697
Rep11_W_M	50240698
Rep13_Z_F	50240699
Rep03_Z_M	50240700
Rep12_W_F	50240701
Rep11_Z_F	50240702
Rep14_W_M	50240703
Rep15_W_M	50240704
Rep03_Z_F	50240705
Rep01_Z_M	50240706
Rep02_Z_M	50240707
Rep04_W_F	50240708
Rep09_Z_M	50240709
Rep15_Z_F	50240710
Rep13_Z_M	50240711
Rep09_Z_F	50240712
Rep14_Z_M	50240713
Rep07_W_M	50240714
Rep09_W_M	50240715
Rep15_W_F	50240716
Rep10_W_F	50240717
Rep10_Z_F	50240718
Rep06_W_F	50240719
Rep12_W_M	50240720
Rep04_W_M	50240721
Rep04_Z_F	50240722
Rep11_Z_M	50240723
Rep08_Z_F	50240724
Rep12_Z_M	50240725
Rep08_W_F	50240726
Rep08_W_M	50240727
Rep05_Z_F	50240729
Rep03_W_M	50240730
Rep10_W_M	50240731
Rep07_Z_F	50240732
Rep07_Z_M	50240733
Rep02_W_M	50240734
AB8.dedup	50240735
B1.dedup	50240736
B2.dedup	50240737
B3.dedup	50240738
B4.dedup	50240739
B5.RG	50240740
B6.dedup	50240741
B7.dedup	50240742
consolidate	50240743
compare	50240744
Rep06_Z_M	50241056
Rep05_W_M	50241057
Rep05_Z_M	50241058
Rep15_Z_M	50241059
Rep06_Z_F	50241060
Rep05_W_F	50241061
Rep03_W_F	50241062
Rep13_W_F	50241063
Rep01_W_M	50241064
Rep02_Z_F	50241065
Rep01_Z_F	50241066
Rep07_W_F	50241067
Rep04_Z_M	50241068
Rep02_W_F	50241069
Rep14_Z_F	50241070
Rep06_W_M	50241071
Rep08_Z_M	50241072
Rep10_Z_M	50241073
Rep01_W_F	50241074
Rep13_W_M	50241075
Rep14_W_F	50241076
Rep12_Z_F	50241077
Rep11_W_F	50241078
Rep09_W_F	50241079
Rep11_W_M	50241080
Rep13_Z_F	50241081
Rep03_Z_M	50241082
Rep12_W_F	50241083
Rep11_Z_F	50241084
Rep14_W_M	50241085
Rep15_W_M	50241086
Rep03_Z_F	50241087
Rep01_Z_M	50241088
Rep02_Z_M	50241090
Rep04_W_F	50241091
Rep09_Z_M	50241092
Rep15_Z_F	50241093
Rep13_Z_M	50241094
Rep09_Z_F	50241095
Rep14_Z_M	50241252
Rep07_W_M	50241253
Rep09_W_M	50241254
Rep15_W_F	50241255
Rep10_W_F	50241256
Rep10_Z_F	50241257
Rep06_W_F	50241258
Rep12_W_M	50241259
Rep04_W_M	50241260
Rep04_Z_F	50241261
Rep11_Z_M	50241262
Rep08_Z_F	50241263
Rep12_Z_M	50241264
Rep08_W_F	50241265
Rep08_W_M	50241266
Rep05_Z_F	50241267
Rep03_W_M	50241268
Rep10_W_M	50241269
Rep07_Z_F	50241270
Rep07_Z_M	50241271
Rep02_W_M	50241272
AB8.dedup	50241273
B1.dedup	50241274
B2.dedup	50241275
B3.dedup	50241276
B4.dedup	50241277
B5.RG	50241278
B6.dedup	50241279
B7.dedup	50241280
consolidate	50241281
compare	50241282
Rep06_Z_M	50241520
consolidate	50241521
compare	50241522
Rep06_Z_M	50241531
